// Jest Snapshot v1, https://goo.gl/fbAQLP

exports[`Test in component <TodoList /> should render correctly 1`] = `
<ul
  className="list-group list-group-flush"
>
  <TodoListItem
    handleDelete={[MockFunction]}
    handleToggle={[MockFunction]}
    index={0}
    key="11"
    todo={
      Object {
        "done": false,
        "id": 11,
        "todo": "Comprar leche",
      }
    }
  />
  <TodoListItem
    handleDelete={[MockFunction]}
    handleToggle={[MockFunction]}
    index={1}
    key="12"
    todo={
      Object {
        "done": false,
        "id": 12,
        "todo": "Aprender de la vida",
      }
    }
  />
</ul>
`;
